HERE IS THE GIT PROCESS


Stefans-MacBook-Air-3:gue_workshop stefanredfield$ cd
Stefans-MacBook-Air-3:~ stefanredfield$ cd gue_workshop/
Stefans-MacBook-Air-3:gue_workshop stefanredfield$ git config --global user.name "Stefan Redfield"
Stefans-MacBook-Air-3:gue_workshop stefanredfield$ git config --global user.email "redfield.stefan@gmail.com"
Stefans-MacBook-Air-3:gue_workshop stefanredfield$ ls
unix_notes.txt
Stefans-MacBook-Air-3:gue_workshop stefanredfield$ git init
Initialized empty Git repository in /Users/stefanredfield/gue_workshop/.git/
Stefans-MacBook-Air-3:gue_workshop stefanredfield$ git status
On branch master

Initial commit

Untracked files:
  (use "git add <file>..." to include in what will be committed)

	unix_notes.txt

nothing added to commit but untracked files present (use "git add" to track)
Stefans-MacBook-Air-3:gue_workshop stefanredfield$ git add unix_notes.txt 
Stefans-MacBook-Air-3:gue_workshop stefanredfield$ git status
On branch master

Initial commit

Changes to be committed:
  (use "git rm --cached <file>..." to unstage)

	new file:   unix_notes.txt

Stefans-MacBook-Air-3:gue_workshop stefanredfield$ git commit -m "Adding unix notes, first draft"
[master (root-commit) ee47544] Adding unix notes, first draft
 1 file changed, 752 insertions(+)
 create mode 100644 unix_notes.txt
Stefans-MacBook-Air-3:gue_workshop stefanredfield$ git status
On branch master
nothing to commit, working directory clean
Stefans-MacBook-Air-3:gue_workshop stefanredfield$ git log
commit ee47544d6c165c0747746d9f7216cd0b4f0d945d
Author: Stefan Redfield <redfield.stefan@gmail.com>
Date:   Sat Nov 15 13:59:57 2014 -0800

    Adding unix notes, first draft
Stefans-MacBook-Air-3:gue_workshop stefanredfield$ pwd
/Users/stefanredfield/gue_workshop
Stefans-MacBook-Air-3:gue_workshop stefanredfield$ ls
unix_notes.txt
Stefans-MacBook-Air-3:gue_workshop stefanredfield$ ls -la
total 40
drwxr-xr-x   4 stefanredfield  staff    136 Nov 15 13:58 .
drwxr-xr-x+ 32 stefanredfield  staff   1088 Nov 15 13:58 ..
drwxr-xr-x  13 stefanredfield  staff    442 Nov 15 14:00 .git
-rw-r--r--   1 stefanredfield  staff  17604 Nov 15 12:02 unix_notes.txt
Stefans-MacBook-Air-3:gue_workshop stefanredfield$ 
